// Jest Snapshot v1, https://goo.gl/fbAQLP

exports[`FairHeader renders properly 1`] = `"<view><aropaqueimageview imageurl=\\"https://d32dm0rphc51dk.cloudfront.net/WHcii__DzI14sEuw5m3qaA/wide.jpg\\" height=\\"567\\" width=\\"750\\"></aropaqueimageview><view></view><view flexdirection=\\"row\\" justifycontent=\\"center\\" alignitems=\\"center\\" px=\\"2\\" height=\\"567\\"><view alignitems=\\"center\\" flexdirection=\\"column\\" flexgrow=\\"1\\"><image source=\\"[object Object]\\"></image><text font-family=\\"Unica77LL-Medium\\" font-size=\\"14px\\" lineheight=\\"20px\\" class=\\"sc-bdVaJa bDWFJH\\" textalign=\\"center\\" color=\\"white100\\" ellipsizemode=\\"tail\\">Art Palm Springs 2019</text><text font-family=\\"Unica77LL-Regular\\" font-size=\\"14px\\" lineheight=\\"24px\\" class=\\"sc-bdVaJa bDWFJH\\" textalign=\\"center\\" color=\\"white100\\" ellipsizemode=\\"tail\\">Feb 15th - Feb 18th</text></view></view><view></view></view>"`;
